// Jest Snapshot v1, https://goo.gl/fbAQLP

exports[`<Main /> should render the heading 1`] = `
<main
  class="styles__Wrapper-sc-1cs6c8-0 iAwbZK"
>
  <img
    alt="Atom image and React Avancado written beside"
    class="styles__Logo-sc-1cs6c8-1 MCbTX"
    src="/img/logo.svg"
  />
  <h1
    class="styles__Title-sc-1cs6c8-2 VHROD"
  >
    React Avan√ßado
  </h1>
  <h2
    class="styles__Description-sc-1cs6c8-3 jpDtNf"
  >
    Typescript, ReatJS, Next JS and Styled Components
  </h2>
  <img
    alt="A programmer sitting in front of a computer"
    class="styles__Illustration-sc-1cs6c8-4 eNveha"
    src="/img/hero-illustration.svg"
  />
</main>
`;
